\BOOKMARK [0][-]{chapter.1}{\376\377\0001\000\040\000I\000n\000t\000r\000o\000d\000u\000c\000c\000i\000\363\000n}{}% 1
\BOOKMARK [1][-]{section.1.1}{\376\377\0001\000.\0001\000\040\000I\000n\000t\000r\000o\000d\000u\000c\000c\000i\000\363\000n}{chapter.1}% 2
\BOOKMARK [1][-]{section.1.2}{\376\377\0001\000.\0002\000\040\000M\000o\000t\000i\000v\000a\000c\000i\000\363\000n}{chapter.1}% 3
\BOOKMARK [1][-]{section.1.3}{\376\377\0001\000.\0003\000\040\000O\000b\000j\000e\000t\000i\000v\000o\000s}{chapter.1}% 4
\BOOKMARK [2][-]{subsection.1.3.1}{\376\377\0001\000.\0003\000.\0001\000\040\000A\000l\000i\000n\000e\000a\000c\000i\000\363\000n\000\040\000c\000o\000n\000\040\000l\000o\000s\000\040\000O\000b\000j\000e\000t\000i\000v\000o\000s\000\040\000d\000e\000\040\000D\000e\000s\000a\000r\000r\000o\000l\000l\000o\000\040\000S\000o\000s\000t\000e\000n\000i\000b\000l\000e\000\040\000\050\000O\000D\000S\000\051}{section.1.3}% 5
\BOOKMARK [1][-]{section.1.4}{\376\377\0001\000.\0004\000\040\000O\000r\000g\000a\000n\000i\000z\000a\000c\000i\000\363\000n\000\040\000d\000e\000\040\000l\000a\000\040\000m\000e\000m\000o\000r\000i\000a}{chapter.1}% 6
\BOOKMARK [0][-]{chapter.2}{\376\377\0002\000\040\000E\000s\000t\000a\000d\000o\000\040\000d\000e\000l\000\040\000a\000r\000t\000e}{}% 7
\BOOKMARK [1][-]{section.2.1}{\376\377\0002\000.\0001\000\040\000H\000i\000s\000t\000o\000r\000i\000a\000,\000\040\000e\000v\000o\000l\000u\000c\000i\000\363\000n\000\040\000e\000\040\000i\000m\000p\000a\000c\000t\000o\000\040\000d\000e\000\040\000l\000a\000s\000\040\000a\000p\000l\000i\000c\000a\000c\000i\000o\000n\000e\000s\000\040\000m\000\363\000v\000i\000l\000e\000s}{chapter.2}% 8
\BOOKMARK [2][-]{subsection.2.1.1}{\376\377\0002\000.\0001\000.\0001\000\040\000O\000r\000i\000g\000e\000n\000\040\000y\000\040\000e\000v\000o\000l\000u\000c\000i\000\363\000n\000\040\000d\000e\000\040\000l\000o\000s\000\040\000d\000i\000s\000p\000o\000s\000i\000t\000i\000v\000o\000s\000\040\000m\000\363\000v\000i\000l\000e\000s}{section.2.1}% 9
\BOOKMARK [2][-]{subsection.2.1.2}{\376\377\0002\000.\0001\000.\0002\000\040\000E\000c\000o\000s\000i\000s\000t\000e\000m\000a\000s\000\040\000y\000\040\000s\000i\000s\000t\000e\000m\000a\000s\000\040\000o\000p\000e\000r\000a\000t\000i\000v\000o\000s\000\040\000m\000\363\000v\000i\000l\000e\000s}{section.2.1}% 10
\BOOKMARK [2][-]{subsection.2.1.3}{\376\377\0002\000.\0001\000.\0003\000\040\000T\000i\000p\000o\000s\000\040\000d\000e\000\040\000a\000p\000l\000i\000c\000a\000c\000i\000o\000n\000e\000s\000\040\000m\000\363\000v\000i\000l\000e\000s}{section.2.1}% 11
\BOOKMARK [2][-]{subsection.2.1.4}{\376\377\0002\000.\0001\000.\0004\000\040\000I\000m\000p\000a\000c\000t\000o\000\040\000e\000c\000o\000n\000\363\000m\000i\000c\000o\000\040\000y\000\040\000s\000o\000c\000i\000a\000l}{section.2.1}% 12
\BOOKMARK [1][-]{section.2.2}{\376\377\0002\000.\0002\000\040\000E\000v\000o\000l\000u\000c\000i\000\363\000n\000\040\000d\000e\000\040\000l\000a\000\040\000R\000e\000a\000l\000i\000d\000a\000d\000\040\000A\000u\000m\000e\000n\000t\000a\000d\000a\000\040\000e\000n\000\040\000e\000l\000\040\000C\000o\000n\000t\000e\000x\000t\000o\000\040\000d\000e\000\040\000l\000a\000s\000\040\000A\000p\000l\000i\000c\000a\000c\000i\000o\000n\000e\000s\000\040\000M\000\363\000v\000i\000l\000e\000s}{chapter.2}% 13
\BOOKMARK [2][-]{subsection.2.2.1}{\376\377\0002\000.\0002\000.\0001\000\040\000F\000u\000n\000d\000a\000m\000e\000n\000t\000o\000s\000\040\000y\000\040\000p\000r\000i\000m\000e\000r\000a\000s\000\040\000i\000d\000e\000a\000s\000\040\000\050\0001\0009\0006\0000\040\023\0001\0009\0009\0000\000\051}{section.2.2}% 14
\BOOKMARK [2][-]{subsection.2.2.2}{\376\377\0002\000.\0002\000.\0002\000\040\000D\000e\000f\000i\000n\000i\000c\000i\000\363\000n\000\040\000f\000o\000r\000m\000a\000l\000\040\000y\000\040\000p\000r\000i\000m\000e\000r\000o\000s\000\040\000p\000r\000o\000t\000o\000t\000i\000p\000o\000s\000\040\000\050\0001\0009\0009\0000\040\023\0002\0000\0000\0000\000\051}{section.2.2}% 15
\BOOKMARK [2][-]{subsection.2.2.3}{\376\377\0002\000.\0002\000.\0003\000\040\000H\000e\000r\000r\000a\000m\000i\000e\000n\000t\000a\000s\000\040\000a\000b\000i\000e\000r\000t\000a\000s\000\040\000y\000\040\000s\000a\000l\000t\000o\000\040\000a\000\040\000l\000o\000\040\000p\000o\000r\000t\000\341\000t\000i\000l\000\040\000\050\0001\0009\0009\0009\040\023\0002\0000\0001\0000\000\051}{section.2.2}% 16
\BOOKMARK [2][-]{subsection.2.2.4}{\376\377\0002\000.\0002\000.\0004\000\040\000C\000o\000n\000s\000o\000l\000i\000d\000a\000c\000i\000\363\000n\000\040\000y\000\040\000t\000e\000n\000d\000e\000n\000c\000i\000a\000s\000\040\000a\000c\000t\000u\000a\000l\000e\000s\000\040\000\050\0002\0000\0001\0000\040\023\0002\0000\0002\0005\000\051}{section.2.2}% 17
\BOOKMARK [1][-]{section.2.3}{\376\377\0002\000.\0003\000\040\000L\000a\000\040\000v\000i\000s\000i\000b\000i\000l\000i\000z\000a\000c\000i\000\363\000n\000\040\000d\000e\000\040\000l\000a\000s\000\040\000m\000u\000j\000e\000r\000e\000s\000\040\000e\000n\000\040\000e\000l\000\040\000e\000s\000p\000a\000c\000i\000o\000\040\000u\000r\000b\000a\000n\000o\000:\000\040\000u\000n\000a\000\040\000c\000u\000e\000s\000t\000i\000\363\000n\000\040\000d\000e\000\040\000j\000u\000s\000t\000i\000c\000i\000a\000\040\000h\000i\000s\000t\000\363\000r\000i\000c\000a}{chapter.2}% 18
\BOOKMARK [2][-]{subsection.2.3.1}{\376\377\0002\000.\0003\000.\0001\000\040\000R\000e\000f\000e\000r\000e\000n\000t\000e\000s\000\040\000f\000e\000m\000e\000n\000i\000n\000o\000s\000\040\000e\000n\000\040\000l\000a\000\040\000c\000i\000u\000d\000a\000d\000:\000\040\000b\000i\000o\000g\000r\000a\000f\000\355\000a\000s\000\040\000y\000\040\000p\000u\000n\000t\000o\000s\000\040\000d\000e\000\040\000i\000n\000t\000e\000r\000\351\000s}{section.2.3}% 19
\BOOKMARK [1][-]{section.2.4}{\376\377\0002\000.\0004\000\040\000A\000n\000\341\000l\000i\000s\000i\000s\000\040\000d\000e\000\040\000a\000p\000l\000i\000c\000a\000c\000i\000o\000n\000e\000s\000\040\000s\000i\000m\000i\000l\000a\000r\000e\000s}{chapter.2}% 20
\BOOKMARK [2][-]{subsection.2.4.1}{\376\377\0002\000.\0004\000.\0001\000\040\000P\000o\000k\000\351\000m\000o\000n\000\040\000G\000O}{section.2.4}% 21
\BOOKMARK [2][-]{subsection.2.4.2}{\376\377\0002\000.\0004\000.\0002\000\040\000S\000t\000r\000e\000e\000t\000m\000u\000s\000e\000u\000m}{section.2.4}% 22
\BOOKMARK [2][-]{subsection.2.4.3}{\376\377\0002\000.\0004\000.\0003\000\040\000C\000u\000l\000t\000u\000A\000R}{section.2.4}% 23
\BOOKMARK [2][-]{subsection.2.4.4}{\376\377\0002\000.\0004\000.\0004\000\040\000H\000i\000s\000t\000o\000r\000y\000p\000i\000n}{section.2.4}% 24
\BOOKMARK [1][-]{section.2.5}{\376\377\0002\000.\0005\000\040\000T\000e\000c\000n\000o\000l\000o\000g\000\355\000a\000s}{chapter.2}% 25
\BOOKMARK [2][-]{subsection.2.5.1}{\376\377\0002\000.\0005\000.\0001\000\040\000P\000l\000a\000t\000a\000f\000o\000r\000m\000a\000s\000\040\000d\000e\000\040\000d\000e\000s\000a\000r\000r\000o\000l\000l\000o\000\040\000d\000e\000\040\000a\000p\000l\000i\000c\000a\000c\000i\000o\000n\000e\000s\000\040\000m\000\363\000v\000i\000l\000e\000s}{section.2.5}% 26
\BOOKMARK [2][-]{subsection.2.5.2}{\376\377\0002\000.\0005\000.\0002\000\040\000G\000e\000o\000l\000o\000c\000a\000l\000i\000z\000a\000c\000i\000\363\000n}{section.2.5}% 27
\BOOKMARK [2][-]{subsection.2.5.3}{\376\377\0002\000.\0005\000.\0003\000\040\000R\000e\000a\000l\000i\000d\000a\000d\000\040\000A\000u\000m\000e\000n\000t\000a\000d\000a\000\040\000\050\000R\000A\000\051}{section.2.5}% 28
\BOOKMARK [2][-]{subsection.2.5.4}{\376\377\0002\000.\0005\000.\0004\000\040\000B\000a\000s\000e\000\040\000d\000e\000\040\000D\000a\000t\000o\000s}{section.2.5}% 29
\BOOKMARK [2][-]{subsection.2.5.5}{\376\377\0002\000.\0005\000.\0005\000\040\000A\000r\000q\000u\000i\000t\000e\000c\000t\000u\000r\000a\000\040\000d\000e\000\040\000p\000e\000r\000s\000i\000s\000t\000e\000n\000c\000i\000a\000\040\000y\000\040\000g\000e\000s\000t\000i\000\363\000n\000\040\000d\000e\000\040\000d\000a\000t\000o\000s}{section.2.5}% 30
\BOOKMARK [0][-]{chapter.3}{\376\377\0003\000\040\000R\000e\000q\000u\000i\000s\000i\000t\000o\000s\000,\000\040\000e\000s\000p\000e\000c\000i\000f\000i\000c\000a\000c\000i\000o\000n\000e\000s\000,\000\040\000c\000o\000s\000t\000e\000,\000\040\000r\000i\000e\000s\000g\000o\000s\000,\000\040\000v\000i\000a\000b\000i\000l\000i\000d\000a\000d}{}% 31
\BOOKMARK [1][-]{section.3.1}{\376\377\0003\000.\0001\000\040\000R\000e\000q\000u\000i\000s\000i\000t\000o\000s}{chapter.3}% 32
\BOOKMARK [2][-]{subsection.3.1.1}{\376\377\0003\000.\0001\000.\0001\000\040\000R\000e\000q\000u\000i\000s\000i\000t\000o\000s\000\040\000f\000u\000n\000c\000i\000o\000n\000a\000l\000e\000s}{section.3.1}% 33
\BOOKMARK [2][-]{subsection.3.1.2}{\376\377\0003\000.\0001\000.\0002\000\040\000R\000e\000q\000u\000i\000s\000i\000t\000o\000s\000\040\000f\000u\000n\000c\000i\000o\000n\000a\000l\000e\000s}{section.3.1}% 34
\BOOKMARK [2][-]{subsection.3.1.3}{\376\377\0003\000.\0001\000.\0003\000\040\000R\000e\000q\000u\000i\000s\000i\000t\000o\000s\000\040\000n\000o\000\040\000f\000u\000n\000c\000i\000o\000n\000a\000l\000e\000s}{section.3.1}% 35
\BOOKMARK [1][-]{section.3.2}{\376\377\0003\000.\0002\000\040\000E\000s\000p\000e\000c\000i\000f\000i\000c\000a\000c\000i\000o\000n\000e\000s}{chapter.3}% 36
\BOOKMARK [1][-]{section.3.3}{\376\377\0003\000.\0003\000\040\000C\000i\000c\000l\000o\000\040\000d\000e\000\040\000v\000i\000d\000a\000\040\000d\000e\000l\000\040\000s\000o\000f\000t\000w\000a\000r\000e}{chapter.3}% 37
\BOOKMARK [1][-]{section.3.4}{\376\377\0003\000.\0004\000\040\000P\000l\000a\000n\000i\000f\000i\000c\000a\000c\000i\000\363\000n\000\040\000t\000e\000m\000p\000o\000r\000a\000l}{chapter.3}% 38
\BOOKMARK [2][-]{subsection.3.4.1}{\376\377\0003\000.\0004\000.\0001\000\040\000D\000e\000s\000c\000o\000m\000p\000o\000s\000i\000c\000i\000\363\000n\000\040\000d\000e\000\040\000t\000a\000r\000e\000a\000s\000\040\000p\000o\000r\000\040\000f\000a\000s\000e\000s}{section.3.4}% 39
\BOOKMARK [2][-]{subsection.3.4.2}{\376\377\0003\000.\0004\000.\0002\000\040\000E\000s\000t\000i\000m\000a\000c\000i\000\363\000n\000\040\000t\000e\000m\000p\000o\000r\000a\000l}{section.3.4}% 40
\BOOKMARK [2][-]{subsection.3.4.3}{\376\377\0003\000.\0004\000.\0003\000\040\000D\000i\000a\000g\000r\000a\000m\000a\000\040\000d\000e\000\040\000G\000a\000n\000t\000t}{section.3.4}% 41
\BOOKMARK [1][-]{section.3.5}{\376\377\0003\000.\0005\000\040\000E\000s\000t\000i\000m\000a\000c\000i\000\363\000n\000\040\000d\000e\000\040\000c\000o\000s\000t\000e\000s}{chapter.3}% 42
\BOOKMARK [2][-]{subsection.3.5.1}{\376\377\0003\000.\0005\000.\0001\000\040\000C\000o\000s\000t\000e\000s\000\040\000d\000i\000r\000e\000c\000t\000o\000s\000\040\000d\000e\000\040\000p\000e\000r\000s\000o\000n\000a\000l}{section.3.5}% 43
\BOOKMARK [2][-]{subsection.3.5.2}{\376\377\0003\000.\0005\000.\0002\000\040\000A\000s\000i\000g\000n\000a\000c\000i\000\363\000n\000\040\000t\000e\000m\000p\000o\000r\000a\000l\000\040\000p\000o\000r\000\040\000p\000e\000r\000f\000i\000l}{section.3.5}% 44
\BOOKMARK [2][-]{subsection.3.5.3}{\376\377\0003\000.\0005\000.\0003\000\040\000C\000o\000s\000t\000e\000s\000\040\000d\000i\000r\000e\000c\000t\000o\000s\000\040\000d\000e\000\040\000m\000a\000t\000e\000r\000i\000a\000l}{section.3.5}% 45
\BOOKMARK [2][-]{subsection.3.5.4}{\376\377\0003\000.\0005\000.\0004\000\040\000C\000o\000s\000t\000e\000s\000\040\000i\000n\000d\000i\000r\000e\000c\000t\000o\000s}{section.3.5}% 46
\BOOKMARK [2][-]{subsection.3.5.5}{\376\377\0003\000.\0005\000.\0005\000\040\000C\000o\000s\000t\000e\000\040\000t\000o\000t\000a\000l\000\040\000d\000e\000l\000\040\000p\000r\000o\000y\000e\000c\000t\000o}{section.3.5}% 47
\BOOKMARK [1][-]{section.3.6}{\376\377\0003\000.\0006\000\040\000V\000i\000a\000b\000i\000l\000i\000d\000a\000d\000\040\000d\000e\000l\000\040\000p\000r\000o\000y\000e\000c\000t\000o}{chapter.3}% 48
\BOOKMARK [2][-]{subsection.3.6.1}{\376\377\0003\000.\0006\000.\0001\000\040\000V\000i\000a\000b\000i\000l\000i\000d\000a\000d\000\040\000e\000c\000o\000n\000\363\000m\000i\000c\000a}{section.3.6}% 49
\BOOKMARK [2][-]{subsection.3.6.2}{\376\377\0003\000.\0006\000.\0002\000\040\000V\000i\000a\000b\000i\000l\000i\000d\000a\000d\000\040\000l\000e\000g\000a\000l}{section.3.6}% 50
\BOOKMARK [1][-]{section.3.7}{\376\377\0003\000.\0007\000\040\000A\000n\000\341\000l\000i\000s\000i\000s\000\040\000d\000e\000\040\000r\000i\000e\000s\000g\000o\000s}{chapter.3}% 51
\BOOKMARK [2][-]{subsection.3.7.1}{\376\377\0003\000.\0007\000.\0001\000\040\000P\000r\000i\000n\000c\000i\000p\000a\000l\000e\000s\000\040\000r\000i\000e\000s\000g\000o\000s\000\040\000i\000d\000e\000n\000t\000i\000f\000i\000c\000a\000d\000o\000s}{section.3.7}% 52
\BOOKMARK [2][-]{subsection.3.7.2}{\376\377\0003\000.\0007\000.\0002\000\040\000M\000a\000t\000r\000i\000z\000\040\000d\000e\000\040\000r\000i\000e\000s\000g\000o\000s}{section.3.7}% 53
\BOOKMARK [2][-]{subsection.3.7.3}{\376\377\0003\000.\0007\000.\0003\000\040\000R\000e\000s\000u\000m\000e\000n\000\040\000d\000e\000\040\000e\000v\000a\000l\000u\000a\000c\000i\000\363\000n\000\040\000d\000e\000\040\000r\000i\000e\000s\000g\000o\000s}{section.3.7}% 54
\BOOKMARK [2][-]{subsection.3.7.4}{\376\377\0003\000.\0007\000.\0004\000\040\000E\000s\000t\000r\000a\000t\000e\000g\000i\000a\000s\000\040\000d\000e\000\040\000m\000i\000t\000i\000g\000a\000c\000i\000\363\000n}{section.3.7}% 55
\BOOKMARK [2][-]{subsection.3.7.5}{\376\377\0003\000.\0007\000.\0005\000\040\000P\000l\000a\000n\000e\000s\000\040\000d\000e\000\040\000c\000o\000n\000t\000i\000n\000g\000e\000n\000c\000i\000a}{section.3.7}% 56
\BOOKMARK [0][-]{chapter.4}{\376\377\0004\000\040\000A\000n\000\341\000l\000i\000s\000i\000s}{}% 57
\BOOKMARK [1][-]{section.4.1}{\376\377\0004\000.\0001\000\040\000D\000i\000a\000g\000r\000a\000m\000a\000s\000\040\000d\000e\000\040\000c\000a\000s\000o\000s\000\040\000d\000e\000\040\000u\000s\000o}{chapter.4}% 58
\BOOKMARK [1][-]{section.4.2}{\376\377\0004\000.\0002\000\040\000E\000s\000p\000e\000c\000i\000f\000i\000c\000a\000c\000i\000\363\000n\000\040\000d\000e\000\040\000c\000a\000s\000o\000s\000\040\000d\000e\000\040\000u\000s\000o}{chapter.4}% 59
\BOOKMARK [2][-]{subsection.4.2.1}{\376\377\0004\000.\0002\000.\0001\000\040\000C\000a\000s\000o\000\040\000d\000e\000\040\000u\000s\000o\000\040\0001\000:\000\040\000L\000o\000g\000i\000n\000\040\000d\000e\000\040\000u\000s\000u\000a\000r\000i\000o}{section.4.2}% 60
\BOOKMARK [2][-]{subsection.4.2.2}{\376\377\0004\000.\0002\000.\0002\000\040\000C\000a\000s\000o\000\040\000d\000e\000\040\000u\000s\000o\000\040\0002\000:\000\040\000R\000e\000g\000i\000s\000t\000r\000o\000\040\000d\000e\000\040\000u\000s\000u\000a\000r\000i\000o}{section.4.2}% 61
\BOOKMARK [2][-]{subsection.4.2.3}{\376\377\0004\000.\0002\000.\0003\000\040\000C\000a\000s\000o\000\040\000d\000e\000\040\000u\000s\000o\000\040\0003\000:\000\040\000V\000e\000r\000\040\000m\000a\000p\000a\000\040\000c\000o\000n\000\040\000p\000u\000n\000t\000o\000s\000\040\000d\000e\000\040\000i\000n\000t\000e\000r\000\351\000s}{section.4.2}% 62
\BOOKMARK [2][-]{subsection.4.2.4}{\376\377\0004\000.\0002\000.\0004\000\040\000C\000a\000s\000o\000\040\000d\000e\000\040\000u\000s\000o\000\040\0004\000:\000\040\000V\000e\000r\000\040\000l\000i\000s\000t\000a\000d\000o\000\040\000d\000e\000\040\000p\000u\000n\000t\000o\000s\000\040\000o\000r\000d\000e\000n\000a\000d\000o\000\040\000p\000o\000r\000\040\000c\000e\000r\000c\000a\000n\000\355\000a}{section.4.2}% 63
\BOOKMARK [2][-]{subsection.4.2.5}{\376\377\0004\000.\0002\000.\0005\000\040\000C\000a\000s\000o\000\040\000d\000e\000\040\000u\000s\000o\000\040\0005\000:\000\040\000V\000e\000r\000\040\000f\000i\000c\000h\000a\000\040\000d\000e\000l\000\040\000l\000u\000g\000a\000r}{section.4.2}% 64
\BOOKMARK [2][-]{subsection.4.2.6}{\376\377\0004\000.\0002\000.\0006\000\040\000C\000a\000s\000o\000\040\000d\000e\000\040\000u\000s\000o\000\040\0006\000:\000\040\000V\000e\000r\000\040\000r\000u\000t\000a\000s\000\040\000y\000\040\000c\000o\000n\000s\000u\000l\000t\000a\000r\000\040\000p\000u\000n\000t\000o\000s\000\040\000d\000e\000\040\000u\000n\000a\000\040\000r\000u\000t\000a}{section.4.2}% 65
\BOOKMARK [2][-]{subsection.4.2.7}{\376\377\0004\000.\0002\000.\0007\000\040\000C\000a\000s\000o\000\040\000d\000e\000\040\000u\000s\000o\000\040\0007\000:\000\040\000E\000s\000c\000a\000n\000e\000a\000r\000\040\000Q\000R\000\040\000d\000e\000\040\000p\000u\000n\000t\000o\000\040\000d\000e\000\040\000r\000u\000t\000a}{section.4.2}% 66
\BOOKMARK [2][-]{subsection.4.2.8}{\376\377\0004\000.\0002\000.\0008\000\040\000C\000a\000s\000o\000\040\000d\000e\000\040\000u\000s\000o\000\040\0008\000:\000\040\000V\000e\000r\000\040\000p\000u\000n\000t\000o\000s\000\040\000R\000A\000\040\000d\000i\000s\000p\000o\000n\000i\000b\000l\000e\000s}{section.4.2}% 67
\BOOKMARK [2][-]{subsection.4.2.9}{\376\377\0004\000.\0002\000.\0009\000\040\000C\000a\000s\000o\000\040\000d\000e\000\040\000u\000s\000o\000\040\0009\000:\000\040\000V\000i\000s\000u\000a\000l\000i\000z\000a\000r\000\040\000c\000o\000n\000t\000e\000n\000i\000d\000o\000\040\000R\000A}{section.4.2}% 68
\BOOKMARK [2][-]{subsection.4.2.10}{\376\377\0004\000.\0002\000.\0001\0000\000\040\000C\000a\000s\000o\000\040\000d\000e\000\040\000u\000s\000o\000\040\0001\0000\000:\000\040\000E\000d\000i\000t\000a\000r\000\040\000p\000e\000r\000f\000i\000l\000\040\000d\000e\000\040\000u\000s\000u\000a\000r\000i\000o}{section.4.2}% 69
\BOOKMARK [2][-]{subsection.4.2.11}{\376\377\0004\000.\0002\000.\0001\0001\000\040\000C\000a\000s\000o\000\040\000d\000e\000\040\000u\000s\000o\000\040\0001\0001\000:\000\040\000V\000e\000r\000\040\000h\000i\000s\000t\000o\000r\000i\000a\000l\000\040\000d\000e\000\040\000l\000u\000g\000a\000r\000e\000s\000\040\000v\000i\000s\000i\000t\000a\000d\000o\000s\000\040\000y\000\040\000r\000u\000t\000a\000s\000\040\000c\000o\000m\000p\000l\000e\000t\000a\000d\000a\000s}{section.4.2}% 70
\BOOKMARK [2][-]{subsection.4.2.12}{\376\377\0004\000.\0002\000.\0001\0002\000\040\000C\000a\000s\000o\000\040\000d\000e\000\040\000u\000s\000o\000\040\0001\0002\000:\000\040\000C\000e\000r\000r\000a\000r\000\040\000s\000e\000s\000i\000\363\000n}{section.4.2}% 71
\BOOKMARK [2][-]{subsection.4.2.13}{\376\377\0004\000.\0002\000.\0001\0003\000\040\000C\000a\000s\000o\000\040\000d\000e\000\040\000u\000s\000o\000\040\0001\0003\000:\000\040\000I\000n\000i\000c\000i\000a\000r\000\040\000s\000e\000s\000i\000\363\000n\000\040\000c\000o\000m\000o\000\040\000a\000d\000m\000i\000n\000i\000s\000t\000r\000a\000d\000o\000r}{section.4.2}% 72
\BOOKMARK [2][-]{subsection.4.2.14}{\376\377\0004\000.\0002\000.\0001\0004\000\040\000C\000a\000s\000o\000\040\000d\000e\000\040\000u\000s\000o\000\040\0001\0004\000:\000\040\000G\000e\000s\000t\000i\000o\000n\000a\000r\000\040\000m\000u\000j\000e\000r\000e\000s\000\040\000h\000i\000s\000t\000\363\000r\000i\000c\000a\000s}{section.4.2}% 73
\BOOKMARK [2][-]{subsection.4.2.15}{\376\377\0004\000.\0002\000.\0001\0005\000\040\000C\000a\000s\000o\000\040\000d\000e\000\040\000u\000s\000o\000\040\0001\0005\000:\000\040\000G\000e\000s\000t\000i\000o\000n\000a\000r\000\040\000p\000u\000n\000t\000o\000s\000\040\000g\000e\000o\000l\000o\000c\000a\000l\000i\000z\000a\000d\000o\000s}{section.4.2}% 74
\BOOKMARK [2][-]{subsection.4.2.16}{\376\377\0004\000.\0002\000.\0001\0006\000\040\000C\000a\000s\000o\000\040\000d\000e\000\040\000u\000s\000o\000\040\0001\0006\000:\000\040\000G\000e\000s\000t\000i\000o\000n\000a\000r\000\040\000r\000u\000t\000a\000s\000\040\000t\000e\000m\000\341\000t\000i\000c\000a\000s}{section.4.2}% 75
\BOOKMARK [2][-]{subsection.4.2.17}{\376\377\0004\000.\0002\000.\0001\0007\000\040\000C\000a\000s\000o\000\040\000d\000e\000\040\000u\000s\000o\000\040\0001\0007\000:\000\040\000C\000o\000n\000s\000u\000l\000t\000a\000r\000\040\000l\000i\000s\000t\000a\000\040\000d\000e\000\040\000u\000s\000u\000a\000r\000i\000o\000s}{section.4.2}% 76
\BOOKMARK [2][-]{subsection.4.2.18}{\376\377\0004\000.\0002\000.\0001\0008\000\040\000C\000a\000s\000o\000\040\000d\000e\000\040\000u\000s\000o\000\040\0001\0008\000:\000\040\000G\000e\000s\000t\000i\000o\000n\000a\000r\000\040\000m\000a\000t\000e\000r\000i\000a\000l\000e\000s\000\040\000m\000u\000l\000t\000i\000m\000e\000d\000i\000a}{section.4.2}% 77
\BOOKMARK [2][-]{subsection.4.2.19}{\376\377\0004\000.\0002\000.\0001\0009\000\040\000C\000a\000s\000o\000\040\000d\000e\000\040\000u\000s\000o\000\040\0001\0009\000:\000\040\000C\000o\000n\000s\000u\000l\000t\000a\000r\000\040\000m\000\351\000t\000r\000i\000c\000a\000s\000\040\000d\000e\000\040\000u\000s\000o}{section.4.2}% 78
\BOOKMARK [2][-]{subsection.4.2.20}{\376\377\0004\000.\0002\000.\0002\0000\000\040\000C\000a\000s\000o\000\040\000d\000e\000\040\000u\000s\000o\000\040\0002\0000\000:\000\040\000G\000e\000s\000t\000i\000o\000n\000a\000r\000\040\000\341\000r\000e\000a\000s\000\040\000d\000e\000\040\000i\000n\000v\000e\000s\000t\000i\000g\000a\000c\000i\000\363\000n}{section.4.2}% 79
\BOOKMARK [1][-]{section.4.3}{\376\377\0004\000.\0003\000\040\000D\000i\000a\000g\000r\000a\000m\000a\000s\000\040\000d\000e\000\040\000A\000c\000t\000i\000v\000i\000d\000a\000d}{chapter.4}% 80
\BOOKMARK [1][-]{section.4.4}{\376\377\0004\000.\0004\000\040\000D\000i\000a\000g\000r\000a\000m\000a\000s\000\040\000d\000e\000\040\000E\000s\000t\000a\000d\000o}{chapter.4}% 81
\BOOKMARK [0][-]{chapter.5}{\376\377\0005\000\040\000D\000i\000s\000e\000\361\000o}{}% 82
\BOOKMARK [1][-]{section.5.1}{\376\377\0005\000.\0001\000\040\000D\000i\000s\000e\000\361\000o\000\040\000d\000e\000\040\000l\000a\000\040\000i\000n\000t\000e\000r\000f\000a\000z}{chapter.5}% 83
\BOOKMARK [2][-]{subsection.5.1.1}{\376\377\0005\000.\0001\000.\0001\000\040\000W\000i\000r\000e\000f\000e\000f\000r\000a\000m\000e\000s}{section.5.1}% 84
\BOOKMARK [2][-]{subsection.5.1.2}{\376\377\0005\000.\0001\000.\0002\000\040\000J\000u\000s\000t\000i\000f\000i\000c\000a\000c\000i\000\363\000n\000\040\000d\000e\000\040\000l\000a\000\040\000p\000a\000l\000e\000t\000a\000\040\000c\000r\000o\000m\000\341\000t\000i\000c\000a}{section.5.1}% 85
\BOOKMARK [1][-]{section.5.2}{\376\377\0005\000.\0002\000\040\000D\000i\000s\000e\000\361\000o\000\040\000d\000e\000\040\000b\000a\000s\000e\000\040\000d\000e\000\040\000d\000a\000t\000o\000s}{chapter.5}% 86
\BOOKMARK [2][-]{subsection.5.2.1}{\376\377\0005\000.\0002\000.\0001\000\040\000T\000a\000b\000l\000a\000s\000\040\000p\000r\000i\000n\000c\000i\000p\000a\000l\000e\000s\000\040\000y\000\040\000j\000u\000s\000t\000i\000f\000i\000c\000a\000c\000i\000\363\000n\000\040\000d\000e\000\040\000d\000i\000s\000e\000\361\000o}{section.5.2}% 87
\BOOKMARK [2][-]{subsection.5.2.2}{\376\377\0005\000.\0002\000.\0002\000\040\000R\000e\000l\000a\000c\000i\000o\000n\000e\000s\000\040\000e\000n\000t\000r\000e\000\040\000t\000a\000b\000l\000a\000s}{section.5.2}% 88
\BOOKMARK [2][-]{subsection.5.2.3}{\376\377\0005\000.\0002\000.\0003\000\040\000E\000s\000q\000u\000e\000m\000a\000\040\000d\000e\000\040\000t\000a\000b\000l\000a\000s}{section.5.2}% 89
\BOOKMARK [1][-]{section.5.3}{\376\377\0005\000.\0003\000\040\000D\000i\000s\000e\000\361\000o\000\040\000d\000e\000\040\000l\000a\000\040\000a\000r\000q\000u\000i\000t\000e\000c\000t\000u\000r\000a\000\040\000d\000e\000l\000\040\000f\000r\000o\000n\000t\000e\000n\000d}{chapter.5}% 90
\BOOKMARK [2][-]{subsection.5.3.1}{\376\377\0005\000.\0003\000.\0001\000\040\000D\000i\000a\000g\000r\000a\000m\000a\000\040\000d\000e\000\040\000c\000l\000a\000s\000e\000s\000\040\000d\000e\000l\000\040\000f\000r\000o\000n\000t\000e\000n\000d}{section.5.3}% 91
\BOOKMARK [1][-]{section.5.4}{\376\377\0005\000.\0004\000\040\000D\000i\000a\000g\000r\000a\000m\000a\000s\000\040\000d\000e\000\040\000s\000e\000c\000u\000e\000n\000c\000i\000a}{chapter.5}% 92
\BOOKMARK [2][-]{subsection.5.4.1}{\376\377\0005\000.\0004\000.\0001\000\040\000D\000i\000a\000g\000r\000a\000m\000a\000\040\000d\000e\000\040\000s\000e\000c\000u\000e\000n\000c\000i\000a\000\040\000d\000e\000l\000\040\000c\000a\000s\000o\000\040\000d\000e\000\040\000u\000s\000o\000\040\0001\000:\000\040\000L\000o\000g\000i\000n\000\040\000d\000e\000\040\000u\000s\000u\000a\000r\000i\000o}{section.5.4}% 93
\BOOKMARK [2][-]{subsection.5.4.2}{\376\377\0005\000.\0004\000.\0002\000\040\000D\000i\000a\000g\000r\000a\000m\000a\000\040\000d\000e\000\040\000s\000e\000c\000u\000e\000n\000c\000i\000a\000\040\000d\000e\000l\000\040\000c\000a\000s\000o\000\040\000d\000e\000\040\000u\000s\000o\000\040\0002\000:\000\040\000R\000e\000g\000i\000s\000t\000r\000o\000\040\000d\000e\000\040\000u\000s\000u\000a\000r\000i\000o}{section.5.4}% 94
\BOOKMARK [2][-]{subsection.5.4.3}{\376\377\0005\000.\0004\000.\0003\000\040\000D\000i\000a\000g\000r\000a\000m\000a\000\040\000d\000e\000\040\000s\000e\000c\000u\000e\000n\000c\000i\000a\000\040\000d\000e\000l\000\040\000c\000a\000s\000o\000\040\000d\000e\000\040\000u\000s\000o\000\040\0003\000:\000\040\000V\000e\000r\000\040\000m\000a\000p\000a\000\040\000c\000o\000n\000\040\000p\000u\000n\000t\000o\000s\000\040\000d\000e\000\040\000i\000n\000t\000e\000r\000\351\000s}{section.5.4}% 95
\BOOKMARK [2][-]{subsection.5.4.4}{\376\377\0005\000.\0004\000.\0004\000\040\000D\000i\000a\000g\000r\000a\000m\000a\000\040\000d\000e\000\040\000s\000e\000c\000u\000e\000n\000c\000i\000a\000\040\000d\000e\000l\000\040\000c\000a\000s\000o\000\040\000d\000e\000\040\000u\000s\000o\000\040\0004\000:\000\040\000V\000e\000r\000\040\000l\000i\000s\000t\000a\000d\000o\000\040\000d\000e\000\040\000p\000u\000n\000t\000o\000s\000\040\000o\000r\000d\000e\000n\000a\000d\000o\000\040\000p\000o\000r\000\040\000c\000e\000r\000c\000a\000n\000\355\000a}{section.5.4}% 96
\BOOKMARK [2][-]{subsection.5.4.5}{\376\377\0005\000.\0004\000.\0005\000\040\000D\000i\000a\000g\000r\000a\000m\000a\000\040\000d\000e\000\040\000s\000e\000c\000u\000e\000n\000c\000i\000a\000\040\000d\000e\000l\000\040\000c\000a\000s\000o\000\040\000d\000e\000\040\000u\000s\000o\000\040\0005\000:\000\040\000V\000e\000r\000\040\000f\000i\000c\000h\000a\000\040\000d\000e\000l\000\040\000l\000u\000g\000a\000r}{section.5.4}% 97
\BOOKMARK [2][-]{subsection.5.4.6}{\376\377\0005\000.\0004\000.\0006\000\040\000D\000i\000a\000g\000r\000a\000m\000a\000\040\000d\000e\000\040\000s\000e\000c\000u\000e\000n\000c\000i\000a\000\040\000d\000e\000l\000\040\000c\000a\000s\000o\000\040\000d\000e\000\040\000u\000s\000o\000\040\0006\000:\000\040\000V\000e\000r\000\040\000r\000u\000t\000a\000s\000\040\000y\000\040\000c\000o\000n\000s\000u\000l\000t\000a\000r\000\040\000p\000u\000n\000t\000o\000s\000\040\000d\000e\000\040\000u\000n\000a\000\040\000r\000u\000t\000a}{section.5.4}% 98
\BOOKMARK [2][-]{subsection.5.4.7}{\376\377\0005\000.\0004\000.\0007\000\040\000D\000i\000a\000g\000r\000a\000m\000a\000\040\000d\000e\000\040\000s\000e\000c\000u\000e\000n\000c\000i\000a\000\040\000d\000e\000l\000\040\000c\000a\000s\000o\000\040\000d\000e\000\040\000u\000s\000o\000\040\0007\000:\000\040\000E\000s\000c\000a\000n\000e\000a\000r\000\040\000Q\000R\000\040\000d\000e\000\040\000p\000u\000n\000t\000o\000\040\000d\000e\000\040\000r\000u\000t\000a}{section.5.4}% 99
\BOOKMARK [2][-]{subsection.5.4.8}{\376\377\0005\000.\0004\000.\0008\000\040\000D\000i\000a\000g\000r\000a\000m\000a\000\040\000d\000e\000\040\000s\000e\000c\000u\000e\000n\000c\000i\000a\000\040\000d\000e\000l\000\040\000c\000a\000s\000o\000\040\000d\000e\000\040\000u\000s\000o\000\040\0008\000:\000\040\000V\000e\000r\000\040\000p\000u\000n\000t\000o\000s\000\040\000R\000A\000\040\000d\000i\000s\000p\000o\000n\000i\000b\000l\000e\000s}{section.5.4}% 100
\BOOKMARK [2][-]{subsection.5.4.9}{\376\377\0005\000.\0004\000.\0009\000\040\000D\000i\000a\000g\000r\000a\000m\000a\000\040\000d\000e\000\040\000s\000e\000c\000u\000e\000n\000c\000i\000a\000\040\000d\000e\000l\000\040\000c\000a\000s\000o\000\040\000d\000e\000\040\000u\000s\000o\000\040\0009\000:\000\040\000V\000i\000s\000u\000a\000l\000i\000z\000a\000r\000\040\000c\000o\000n\000t\000e\000n\000i\000d\000o\000\040\000R\000A}{section.5.4}% 101
\BOOKMARK [2][-]{subsection.5.4.10}{\376\377\0005\000.\0004\000.\0001\0000\000\040\000D\000i\000a\000g\000r\000a\000m\000a\000\040\000d\000e\000\040\000s\000e\000c\000u\000e\000n\000c\000i\000a\000\040\000d\000e\000l\000\040\000c\000a\000s\000o\000\040\000d\000e\000\040\000u\000s\000o\000\040\0001\0000\000:\000\040\000E\000d\000i\000t\000a\000r\000\040\000p\000e\000r\000f\000i\000l\000\040\000d\000e\000\040\000u\000s\000u\000a\000r\000i\000o}{section.5.4}% 102
\BOOKMARK [2][-]{subsection.5.4.11}{\376\377\0005\000.\0004\000.\0001\0001\000\040\000D\000i\000a\000g\000r\000a\000m\000a\000\040\000d\000e\000\040\000s\000e\000c\000u\000e\000n\000c\000i\000a\000\040\000d\000e\000l\000\040\000c\000a\000s\000o\000\040\000d\000e\000\040\000u\000s\000o\000\040\0001\0001\000:\000\040\000V\000e\000r\000\040\000h\000i\000s\000t\000o\000r\000i\000a\000l\000\040\000d\000e\000\040\000l\000u\000g\000a\000r\000e\000s\000\040\000v\000i\000s\000i\000t\000a\000d\000o\000s\000\040\000y\000\040\000r\000u\000t\000a\000s\000\040\000c\000o\000m\000p\000l\000e\000t\000a\000d\000a\000s}{section.5.4}% 103
\BOOKMARK [2][-]{subsection.5.4.12}{\376\377\0005\000.\0004\000.\0001\0002\000\040\000D\000i\000a\000g\000r\000a\000m\000a\000\040\000d\000e\000\040\000s\000e\000c\000u\000e\000n\000c\000i\000a\000\040\000d\000e\000l\000\040\000c\000a\000s\000o\000\040\000d\000e\000\040\000u\000s\000o\000\040\0001\0002\000:\000\040\000C\000e\000r\000r\000a\000r\000\040\000s\000e\000s\000i\000\363\000n}{section.5.4}% 104
\BOOKMARK [2][-]{subsection.5.4.13}{\376\377\0005\000.\0004\000.\0001\0003\000\040\000D\000i\000a\000g\000r\000a\000m\000a\000\040\000d\000e\000\040\000s\000e\000c\000u\000e\000n\000c\000i\000a\000\040\000d\000e\000l\000\040\000c\000a\000s\000o\000\040\000d\000e\000\040\000u\000s\000o\000\040\0001\0003\000:\000\040\000I\000n\000i\000c\000i\000a\000r\000\040\000s\000e\000s\000i\000\363\000n\000\040\000c\000o\000m\000o\000\040\000a\000d\000m\000i\000n\000i\000s\000t\000r\000a\000d\000o\000r}{section.5.4}% 105
\BOOKMARK [2][-]{subsection.5.4.14}{\376\377\0005\000.\0004\000.\0001\0004\000\040\000D\000i\000a\000g\000r\000a\000m\000a\000\040\000d\000e\000\040\000s\000e\000c\000u\000e\000n\000c\000i\000a\000\040\000d\000e\000l\000\040\000c\000a\000s\000o\000\040\000d\000e\000\040\000u\000s\000o\000\040\0001\0004\000:\000\040\000G\000e\000s\000t\000i\000o\000n\000a\000r\000\040\000m\000u\000j\000e\000r\000e\000s\000\040\000h\000i\000s\000t\000\363\000r\000i\000c\000a\000s}{section.5.4}% 106
\BOOKMARK [2][-]{subsection.5.4.15}{\376\377\0005\000.\0004\000.\0001\0005\000\040\000D\000i\000a\000g\000r\000a\000m\000a\000\040\000d\000e\000\040\000s\000e\000c\000u\000e\000n\000c\000i\000a\000\040\000d\000e\000l\000\040\000c\000a\000s\000o\000\040\000d\000e\000\040\000u\000s\000o\000\040\0001\0005\000:\000\040\000G\000e\000s\000t\000i\000o\000n\000a\000r\000\040\000p\000u\000n\000t\000o\000s\000\040\000g\000e\000o\000l\000o\000c\000a\000l\000i\000z\000a\000d\000o\000s}{section.5.4}% 107
\BOOKMARK [2][-]{subsection.5.4.16}{\376\377\0005\000.\0004\000.\0001\0006\000\040\000D\000i\000a\000g\000r\000a\000m\000a\000\040\000d\000e\000\040\000s\000e\000c\000u\000e\000n\000c\000i\000a\000\040\000d\000e\000l\000\040\000c\000a\000s\000o\000\040\000d\000e\000\040\000u\000s\000o\000\040\0001\0006\000:\000\040\000G\000e\000s\000t\000i\000o\000n\000a\000r\000\040\000r\000u\000t\000a\000s\000\040\000t\000e\000m\000\341\000t\000i\000c\000a\000s}{section.5.4}% 108
\BOOKMARK [2][-]{subsection.5.4.17}{\376\377\0005\000.\0004\000.\0001\0007\000\040\000D\000i\000a\000g\000r\000a\000m\000a\000\040\000d\000e\000\040\000s\000e\000c\000u\000e\000n\000c\000i\000a\000\040\000d\000e\000l\000\040\000c\000a\000s\000o\000\040\000d\000e\000\040\000u\000s\000o\000\040\0001\0007\000:\000\040\000C\000o\000n\000s\000u\000l\000t\000a\000r\000\040\000l\000i\000s\000t\000a\000\040\000d\000e\000\040\000u\000s\000u\000a\000r\000i\000o\000s}{section.5.4}% 109
\BOOKMARK [2][-]{subsection.5.4.18}{\376\377\0005\000.\0004\000.\0001\0008\000\040\000D\000i\000a\000g\000r\000a\000m\000a\000\040\000d\000e\000\040\000s\000e\000c\000u\000e\000n\000c\000i\000a\000\040\000d\000e\000l\000\040\000c\000a\000s\000o\000\040\000d\000e\000\040\000u\000s\000o\000\040\0001\0008\000:\000\040\000G\000e\000s\000t\000i\000o\000n\000a\000r\000\040\000m\000a\000t\000e\000r\000i\000a\000l\000e\000s\000\040\000m\000u\000l\000t\000i\000m\000e\000d\000i\000a}{section.5.4}% 110
\BOOKMARK [2][-]{subsection.5.4.19}{\376\377\0005\000.\0004\000.\0001\0009\000\040\000D\000i\000a\000g\000r\000a\000m\000a\000\040\000d\000e\000\040\000s\000e\000c\000u\000e\000n\000c\000i\000a\000\040\000d\000e\000l\000\040\000c\000a\000s\000o\000\040\000d\000e\000\040\000u\000s\000o\000\040\0001\0009\000:\000\040\000C\000o\000n\000s\000u\000l\000t\000a\000r\000\040\000m\000\351\000t\000r\000i\000c\000a\000s\000\040\000d\000e\000\040\000u\000s\000o}{section.5.4}% 111
\BOOKMARK [2][-]{subsection.5.4.20}{\376\377\0005\000.\0004\000.\0002\0000\000\040\000D\000i\000a\000g\000r\000a\000m\000a\000\040\000d\000e\000\040\000s\000e\000c\000u\000e\000n\000c\000i\000a\000\040\000d\000e\000l\000\040\000c\000a\000s\000o\000\040\000d\000e\000\040\000u\000s\000o\000\040\0002\0000\000:\000\040\000G\000e\000s\000t\000i\000o\000n\000a\000r\000\040\000\341\000r\000e\000a\000s\000\040\000d\000e\000\040\000i\000n\000v\000e\000s\000t\000i\000g\000a\000c\000i\000\363\000n}{section.5.4}% 112
\BOOKMARK [0][-]{chapter.6}{\376\377\0006\000\040\000I\000m\000p\000l\000e\000m\000e\000n\000t\000a\000c\000i\000\363\000n\000\040\000y\000\040\000p\000r\000u\000e\000b\000a\000s}{}% 113
\BOOKMARK [1][-]{section.6.1}{\376\377\0006\000.\0001\000\040\000I\000m\000p\000l\000e\000m\000e\000n\000t\000a\000c\000i\000\363\000n\000\040\000d\000e\000l\000\040\000b\000a\000c\000k\000e\000n\000d}{chapter.6}% 114
\BOOKMARK [2][-]{subsection.6.1.1}{\376\377\0006\000.\0001\000.\0001\000\040\000H\000e\000r\000r\000a\000m\000i\000e\000n\000t\000a\000s\000,\000\040\000f\000r\000a\000m\000e\000w\000o\000r\000k\000s\000\040\000y\000\040\000l\000e\000n\000g\000u\000a\000j\000e\000s\000\040\000u\000t\000i\000l\000i\000z\000a\000d\000o\000s}{section.6.1}% 115
\BOOKMARK [2][-]{subsection.6.1.2}{\376\377\0006\000.\0001\000.\0002\000\040\000E\000s\000t\000r\000u\000c\000t\000u\000r\000a\000\040\000d\000e\000l\000\040\000p\000r\000o\000y\000e\000c\000t\000o\000\040\000y\000\040\000o\000r\000g\000a\000n\000i\000z\000a\000c\000i\000\363\000n\000\040\000d\000e\000l\000\040\000c\000\363\000d\000i\000g\000o}{section.6.1}% 116
\BOOKMARK [2][-]{subsection.6.1.3}{\376\377\0006\000.\0001\000.\0003\000\040\000M\000o\000d\000e\000l\000a\000d\000o\000\040\000d\000e\000\040\000d\000a\000t\000o\000s}{section.6.1}% 117
\BOOKMARK [2][-]{subsection.6.1.4}{\376\377\0006\000.\0001\000.\0004\000\040\000G\000e\000s\000t\000i\000\363\000n\000\040\000d\000e\000\040\000i\000m\000\341\000g\000e\000n\000e\000s}{section.6.1}% 118
\BOOKMARK [2][-]{subsection.6.1.5}{\376\377\0006\000.\0001\000.\0005\000\040\000P\000a\000g\000i\000n\000a\000c\000i\000\363\000n\000\040\000d\000e\000\040\000l\000a\000\040\000A\000P\000I}{section.6.1}% 119
\BOOKMARK [2][-]{subsection.6.1.6}{\376\377\0006\000.\0001\000.\0006\000\040\000S\000e\000g\000u\000r\000i\000d\000a\000d\000\040\000y\000\040\000p\000e\000r\000m\000i\000s\000o\000s}{section.6.1}% 120
\BOOKMARK [2][-]{subsection.6.1.7}{\376\377\0006\000.\0001\000.\0007\000\040\000G\000e\000s\000t\000i\000\363\000n\000\040\000d\000e\000\040\000v\000a\000r\000i\000a\000b\000l\000e\000s\000\040\000d\000e\000\040\000e\000n\000t\000o\000r\000n\000o\000\040\000y\000\040\000c\000o\000n\000f\000i\000g\000u\000r\000a\000c\000i\000\363\000n\000\040\000s\000e\000g\000u\000r\000a}{section.6.1}% 121
\BOOKMARK [2][-]{subsection.6.1.8}{\376\377\0006\000.\0001\000.\0008\000\040\000S\000e\000r\000i\000a\000l\000i\000z\000a\000c\000i\000\363\000n\000\040\000y\000\040\000e\000x\000p\000o\000s\000i\000c\000i\000\363\000n\000\040\000d\000e\000\040\000l\000a\000\040\000A\000P\000I\000\040\000R\000E\000S\000T}{section.6.1}% 122
\BOOKMARK [2][-]{subsection.6.1.9}{\376\377\0006\000.\0001\000.\0009\000\040\000V\000i\000s\000t\000a\000s\000\040\000y\000\040\000e\000n\000d\000p\000o\000i\000n\000t\000s\000\040\000d\000e\000\040\000l\000a\000\040\000A\000P\000I}{section.6.1}% 123
\BOOKMARK [2][-]{subsection.6.1.10}{\376\377\0006\000.\0001\000.\0001\0000\000\040\000A\000d\000m\000i\000n\000i\000s\000t\000r\000a\000c\000i\000\363\000n\000\040\000y\000\040\000g\000e\000s\000t\000i\000\363\000n\000\040\000d\000e\000\040\000d\000a\000t\000o\000s}{section.6.1}% 124
\BOOKMARK [2][-]{subsection.6.1.11}{\376\377\0006\000.\0001\000.\0001\0001\000\040\000C\000a\000m\000b\000i\000o\000\040\000d\000e\000\040\000c\000o\000n\000t\000r\000a\000s\000e\000\361\000a\000\040\000d\000e\000l\000\040\000u\000s\000u\000a\000r\000i\000o\000\040\000a\000d\000m\000i\000n\000i\000s\000t\000r\000a\000d\000o\000r\000\040\000d\000e\000\040\000D\000j\000a\000n\000g\000o}{section.6.1}% 125
\BOOKMARK [2][-]{subsection.6.1.12}{\376\377\0006\000.\0001\000.\0001\0002\000\040\000G\000e\000s\000t\000i\000\363\000n\000\040\000d\000e\000\040\000m\000i\000g\000r\000a\000c\000i\000o\000n\000e\000s\000\040\000y\000\040\000c\000o\000n\000s\000i\000s\000t\000e\000n\000c\000i\000a\000\040\000d\000e\000\040\000l\000a\000\040\000b\000a\000s\000e\000\040\000d\000e\000\040\000d\000a\000t\000o\000s}{section.6.1}% 126
\BOOKMARK [2][-]{subsection.6.1.13}{\376\377\0006\000.\0001\000.\0001\0003\000\040\000I\000n\000t\000e\000g\000r\000a\000c\000i\000\363\000n\000\040\000c\000o\000n\000\040\000e\000l\000\040\000f\000r\000o\000n\000t\000e\000n\000d\000\040\000y\000\040\000g\000e\000s\000t\000i\000\363\000n\000\040\000d\000e\000\040\000C\000O\000R\000S}{section.6.1}% 127
\BOOKMARK [2][-]{subsection.6.1.14}{\376\377\0006\000.\0001\000.\0001\0004\000\040\000I\000n\000t\000e\000g\000r\000a\000c\000i\000\363\000n\000\040\000y\000\040\000d\000e\000s\000p\000l\000i\000e\000g\000u\000e\000\040\000c\000o\000n\000\040\000D\000o\000c\000k\000e\000r}{section.6.1}% 128
\BOOKMARK [2][-]{subsection.6.1.15}{\376\377\0006\000.\0001\000.\0001\0005\000\040\000P\000r\000u\000e\000b\000a\000s\000\040\000a\000u\000t\000o\000m\000\341\000t\000i\000c\000a\000s}{section.6.1}% 129
\BOOKMARK [2][-]{subsection.6.1.16}{\376\377\0006\000.\0001\000.\0001\0006\000\040\000I\000n\000t\000e\000r\000n\000a\000c\000i\000o\000n\000a\000l\000i\000z\000a\000c\000i\000\363\000n\000\040\000y\000\040\000l\000o\000c\000a\000l\000i\000z\000a\000c\000i\000\363\000n}{section.6.1}% 130
\BOOKMARK [2][-]{subsection.6.1.17}{\376\377\0006\000.\0001\000.\0001\0007\000\040\000G\000e\000s\000t\000i\000\363\000n\000\040\000d\000e\000\040\000a\000r\000c\000h\000i\000v\000o\000s\000\040\000e\000s\000t\000\341\000t\000i\000c\000o\000s}{section.6.1}% 131
\BOOKMARK [2][-]{subsection.6.1.18}{\376\377\0006\000.\0001\000.\0001\0008\000\040\000G\000e\000s\000t\000i\000\363\000n\000\040\000d\000e\000\040\000e\000m\000a\000i\000l\000s\000\040\000y\000\040\000n\000o\000t\000i\000f\000i\000c\000a\000c\000i\000o\000n\000e\000s}{section.6.1}% 132
\BOOKMARK [2][-]{subsection.6.1.19}{\376\377\0006\000.\0001\000.\0001\0009\000\040\000I\000n\000t\000e\000r\000n\000a\000c\000i\000o\000n\000a\000l\000i\000z\000a\000c\000i\000\363\000n\000\040\000y\000\040\000l\000o\000c\000a\000l\000i\000z\000a\000c\000i\000\363\000n}{section.6.1}% 133
\BOOKMARK [2][-]{subsection.6.1.20}{\376\377\0006\000.\0001\000.\0002\0000\000\040\000G\000e\000s\000t\000i\000\363\000n\000\040\000d\000e\000\040\000a\000r\000c\000h\000i\000v\000o\000s\000\040\000e\000s\000t\000\341\000t\000i\000c\000o\000s}{section.6.1}% 134
\BOOKMARK [1][-]{section.6.2}{\376\377\0006\000.\0002\000\040\000I\000m\000p\000l\000e\000m\000e\000n\000t\000a\000c\000i\000\363\000n\000\040\000d\000e\000l\000\040\000f\000r\000o\000n\000t\000e\000n\000d}{chapter.6}% 135
\BOOKMARK [2][-]{subsection.6.2.1}{\376\377\0006\000.\0002\000.\0001\000\040\000H\000e\000r\000r\000a\000m\000i\000e\000n\000t\000a\000s\000,\000\040\000f\000r\000a\000m\000e\000w\000o\000r\000k\000s\000\040\000y\000\040\000l\000e\000n\000g\000u\000a\000j\000e\000s\000\040\000u\000t\000i\000l\000i\000z\000a\000d\000o\000s}{section.6.2}% 136
\BOOKMARK [2][-]{subsection.6.2.2}{\376\377\0006\000.\0002\000.\0002\000\040\000E\000s\000t\000r\000u\000c\000t\000u\000r\000a\000\040\000d\000e\000l\000\040\000p\000r\000o\000y\000e\000c\000t\000o\000\040\000y\000\040\000o\000r\000g\000a\000n\000i\000z\000a\000c\000i\000\363\000n\000\040\000d\000e\000l\000\040\000c\000\363\000d\000i\000g\000o}{section.6.2}% 137
\BOOKMARK [2][-]{subsection.6.2.3}{\376\377\0006\000.\0002\000.\0003\000\040\000N\000a\000v\000e\000g\000a\000c\000i\000\363\000n\000\040\000y\000\040\000e\000s\000t\000r\000u\000c\000t\000u\000r\000a\000\040\000d\000e\000\040\000p\000a\000n\000t\000a\000l\000l\000a\000s}{section.6.2}% 138
\BOOKMARK [2][-]{subsection.6.2.4}{\376\377\0006\000.\0002\000.\0004\000\040\000G\000e\000s\000t\000i\000\363\000n\000\040\000d\000e\000\040\000u\000s\000u\000a\000r\000i\000o\000s\000\040\000y\000\040\000a\000u\000t\000e\000n\000t\000i\000c\000a\000c\000i\000\363\000n}{section.6.2}% 139
\BOOKMARK [2][-]{subsection.6.2.5}{\376\377\0006\000.\0002\000.\0005\000\040\000V\000i\000s\000u\000a\000l\000i\000z\000a\000c\000i\000\363\000n\000\040\000d\000e\000\040\000m\000u\000j\000e\000r\000e\000s\000\040\000y\000\040\000l\000u\000g\000a\000r\000e\000s}{section.6.2}% 140
\BOOKMARK [2][-]{subsection.6.2.6}{\376\377\0006\000.\0002\000.\0006\000\040\000D\000e\000t\000a\000l\000l\000e\000\040\000d\000e\000\040\000l\000u\000g\000a\000r\000\040\000y\000\040\000g\000e\000s\000t\000i\000\363\000n\000\040\000d\000e\000\040\000v\000i\000s\000i\000t\000a\000s}{section.6.2}% 141
\BOOKMARK [2][-]{subsection.6.2.7}{\376\377\0006\000.\0002\000.\0007\000\040\000M\000a\000p\000a\000s\000\040\000y\000\040\000g\000e\000o\000l\000o\000c\000a\000l\000i\000z\000a\000c\000i\000\363\000n}{section.6.2}% 142
\BOOKMARK [2][-]{subsection.6.2.8}{\376\377\0006\000.\0002\000.\0008\000\040\000G\000e\000s\000t\000i\000\363\000n\000\040\000d\000e\000\040\000r\000u\000t\000a\000s\000\040\000t\000e\000m\000\341\000t\000i\000c\000a\000s}{section.6.2}% 143
\BOOKMARK [2][-]{subsection.6.2.9}{\376\377\0006\000.\0002\000.\0009\000\040\000H\000i\000s\000t\000o\000r\000i\000a\000l\000\040\000d\000e\000\040\000l\000u\000g\000a\000r\000e\000s\000\040\000y\000\040\000r\000u\000t\000a\000s\000\040\000v\000i\000s\000i\000t\000a\000d\000a\000s}{section.6.2}% 144
\BOOKMARK [2][-]{subsection.6.2.10}{\376\377\0006\000.\0002\000.\0001\0000\000\040\000S\000i\000s\000t\000e\000m\000a\000\040\000d\000e\000\040\000f\000i\000l\000t\000r\000o\000s\000\040\000a\000v\000a\000n\000z\000a\000d\000o\000\040\000y\000\040\000g\000e\000s\000t\000i\000\363\000n\000\040\000d\000e\000\040\000e\000s\000t\000a\000d\000o}{section.6.2}% 145
\BOOKMARK [2][-]{subsection.6.2.11}{\376\377\0006\000.\0002\000.\0001\0001\000\040\000S\000i\000n\000c\000r\000o\000n\000i\000z\000a\000c\000i\000\363\000n\000\040\000d\000e\000\040\000e\000s\000t\000a\000d\000o\000s\000\040\000d\000e\000\040\000v\000i\000s\000i\000t\000a}{section.6.2}% 146
\BOOKMARK [2][-]{subsection.6.2.12}{\376\377\0006\000.\0002\000.\0001\0002\000\040\000N\000o\000t\000i\000f\000i\000c\000a\000c\000i\000o\000n\000e\000s\000\040\000y\000\040\000p\000r\000o\000x\000i\000m\000i\000d\000a\000d}{section.6.2}% 147
\BOOKMARK [2][-]{subsection.6.2.13}{\376\377\0006\000.\0002\000.\0001\0003\000\040\000R\000e\000a\000l\000i\000d\000a\000d\000\040\000a\000u\000m\000e\000n\000t\000a\000d\000a}{section.6.2}% 148
\BOOKMARK [2][-]{subsection.6.2.14}{\376\377\0006\000.\0002\000.\0001\0004\000\040\000G\000e\000s\000t\000i\000\363\000n\000\040\000d\000e\000\040\000e\000s\000t\000i\000l\000o\000s\000\040\000y\000\040\000d\000i\000s\000e\000\361\000o}{section.6.2}% 149
\BOOKMARK [2][-]{subsection.6.2.15}{\376\377\0006\000.\0002\000.\0001\0005\000\040\000G\000e\000s\000t\000i\000\363\000n\000\040\000d\000e\000\040\000a\000l\000m\000a\000c\000e\000n\000a\000m\000i\000e\000n\000t\000o\000\040\000l\000o\000c\000a\000l}{section.6.2}% 150
\BOOKMARK [2][-]{subsection.6.2.16}{\376\377\0006\000.\0002\000.\0001\0006\000\040\000I\000n\000t\000e\000g\000r\000a\000c\000i\000\363\000n\000\040\000c\000o\000n\000\040\000l\000a\000\040\000A\000P\000I\000\040\000y\000\040\000m\000a\000n\000e\000j\000o\000\040\000d\000e\000\040\000e\000r\000r\000o\000r\000e\000s}{section.6.2}% 151
\BOOKMARK [2][-]{subsection.6.2.17}{\376\377\0006\000.\0002\000.\0001\0007\000\040\000P\000r\000u\000e\000b\000a\000s\000\040\000y\000\040\000d\000e\000p\000u\000r\000a\000c\000i\000\363\000n}{section.6.2}% 152
\BOOKMARK [1][-]{section.6.3}{\376\377\0006\000.\0003\000\040\000I\000m\000p\000l\000e\000m\000e\000n\000t\000a\000c\000i\000\363\000n\000\040\000d\000e\000\040\000R\000e\000a\000l\000i\000d\000a\000d\000\040\000A\000u\000m\000e\000n\000t\000a\000d\000a}{chapter.6}% 153
\BOOKMARK [2][-]{subsection.6.3.1}{\376\377\0006\000.\0003\000.\0001\000\040\000H\000e\000r\000r\000a\000m\000i\000e\000n\000t\000a\000s\000,\000\040\000f\000r\000a\000m\000e\000w\000o\000r\000k\000s\000\040\000y\000\040\000t\000e\000c\000n\000o\000l\000o\000g\000\355\000a\000s\000\040\000u\000t\000i\000l\000i\000z\000a\000d\000a\000s}{section.6.3}% 154
\BOOKMARK [2][-]{subsection.6.3.2}{\376\377\0006\000.\0003\000.\0002\000\040\000A\000r\000q\000u\000i\000t\000e\000c\000t\000u\000r\000a\000\040\000y\000\040\000e\000s\000t\000r\000u\000c\000t\000u\000r\000a\000\040\000d\000e\000l\000\040\000p\000r\000o\000y\000e\000c\000t\000o\000\040\000A\000R}{section.6.3}% 155
\BOOKMARK [2][-]{subsection.6.3.3}{\376\377\0006\000.\0003\000.\0003\000\040\000D\000i\000s\000e\000\361\000o\000\040\000d\000e\000\040\000l\000a\000\040\000e\000x\000p\000e\000r\000i\000e\000n\000c\000i\000a\000\040\000i\000n\000t\000e\000r\000a\000c\000t\000i\000v\000a}{section.6.3}% 156
\BOOKMARK [2][-]{subsection.6.3.4}{\376\377\0006\000.\0003\000.\0004\000\040\000S\000i\000s\000t\000e\000m\000a\000\040\000d\000e\000\040\000i\000n\000f\000o\000r\000m\000a\000c\000i\000\363\000n\000\040\000c\000o\000n\000t\000e\000x\000t\000u\000a\000l}{section.6.3}% 157
\BOOKMARK [2][-]{subsection.6.3.5}{\376\377\0006\000.\0003\000.\0005\000\040\000G\000e\000s\000t\000i\000\363\000n\000\040\000d\000e\000\040\000a\000u\000d\000i\000o\000\040\000i\000n\000m\000e\000r\000s\000i\000v\000o}{section.6.3}% 158
\BOOKMARK [2][-]{subsection.6.3.6}{\376\377\0006\000.\0003\000.\0006\000\040\000O\000p\000t\000i\000m\000i\000z\000a\000c\000i\000\363\000n\000\040\000y\000\040\000c\000o\000n\000s\000i\000d\000e\000r\000a\000c\000i\000o\000n\000e\000s\000\040\000t\000\351\000c\000n\000i\000c\000a\000s}{section.6.3}% 159
\BOOKMARK [2][-]{subsection.6.3.7}{\376\377\0006\000.\0003\000.\0007\000\040\000D\000e\000s\000p\000l\000i\000e\000g\000u\000e\000\040\000y\000\040\000d\000i\000s\000t\000r\000i\000b\000u\000c\000i\000\363\000n}{section.6.3}% 160
\BOOKMARK [2][-]{subsection.6.3.8}{\376\377\0006\000.\0003\000.\0008\000\040\000C\000o\000n\000s\000i\000d\000e\000r\000a\000c\000i\000o\000n\000e\000s\000\040\000t\000\351\000c\000n\000i\000c\000a\000s\000\040\000y\000\040\000l\000i\000m\000i\000t\000a\000c\000i\000o\000n\000e\000s}{section.6.3}% 161
\BOOKMARK [0][-]{chapter.7}{\376\377\0007\000\040\000P\000r\000u\000e\000b\000a\000s}{}% 162
\BOOKMARK [1][-]{section.7.1}{\376\377\0007\000.\0001\000\040\000P\000r\000u\000e\000b\000a\000s\000\040\000f\000u\000n\000c\000i\000o\000n\000a\000l\000e\000s}{chapter.7}% 163
\BOOKMARK [1][-]{section.7.2}{\376\377\0007\000.\0002\000\040\000P\000r\000u\000e\000b\000a\000s\000\040\000d\000e\000\040\000U\000s\000a\000b\000i\000l\000i\000d\000a\000d}{chapter.7}% 164
\BOOKMARK [2][-]{subsection.7.2.1}{\376\377\0007\000.\0002\000.\0001\000\040\000M\000e\000t\000o\000d\000o\000l\000o\000g\000\355\000a}{section.7.2}% 165
\BOOKMARK [2][-]{subsection.7.2.2}{\376\377\0007\000.\0002\000.\0002\000\040\000C\000\341\000l\000c\000u\000l\000o\000\040\000d\000e\000l\000\040\000S\000U\000S}{section.7.2}% 166
\BOOKMARK [2][-]{subsection.7.2.3}{\376\377\0007\000.\0002\000.\0003\000\040\000R\000e\000s\000u\000l\000t\000a\000d\000o\000s\000\040\000d\000e\000l\000\040\000c\000u\000e\000s\000t\000i\000o\000n\000a\000r\000i\000o}{section.7.2}% 167
\BOOKMARK [2][-]{subsection.7.2.4}{\376\377\0007\000.\0002\000.\0004\000\040\000V\000i\000s\000u\000a\000l\000i\000z\000a\000c\000i\000\363\000n\000\040\000d\000e\000\040\000r\000e\000s\000u\000l\000t\000a\000d\000o\000s\000\040\000p\000o\000r\000\040\000p\000r\000e\000g\000u\000n\000t\000a}{section.7.2}% 168
\BOOKMARK [2][-]{subsection.7.2.5}{\376\377\0007\000.\0002\000.\0005\000\040\000P\000u\000n\000t\000u\000a\000c\000i\000o\000n\000e\000s\000\040\000S\000U\000S}{section.7.2}% 169
\BOOKMARK [2][-]{subsection.7.2.6}{\376\377\0007\000.\0002\000.\0006\000\040\000G\000r\000\341\000f\000i\000c\000o\000s}{section.7.2}% 170
\BOOKMARK [2][-]{subsection.7.2.7}{\376\377\0007\000.\0002\000.\0007\000\040\000C\000o\000m\000e\000n\000t\000a\000r\000i\000o\000s\000\040\000a\000d\000i\000c\000i\000o\000n\000a\000l\000e\000s\000\040\000d\000e\000\040\000l\000o\000s\000\040\000u\000s\000u\000a\000r\000i\000o\000s}{section.7.2}% 171
\BOOKMARK [2][-]{subsection.7.2.8}{\376\377\0007\000.\0002\000.\0008\000\040\000C\000o\000n\000c\000l\000u\000s\000i\000o\000n\000e\000s}{section.7.2}% 172
\BOOKMARK [1][-]{section.7.3}{\376\377\0007\000.\0003\000\040\000P\000r\000u\000e\000b\000a\000s\000\040\000d\000e\000\040\000R\000e\000n\000d\000i\000m\000i\000e\000n\000t\000o\000\040\000d\000e\000l\000\040\000B\000a\000c\000k\000e\000n\000d}{chapter.7}% 173
\BOOKMARK [2][-]{subsection.7.3.1}{\376\377\0007\000.\0003\000.\0001\000\040\000M\000e\000t\000o\000d\000o\000l\000o\000g\000\355\000a}{section.7.3}% 174
\BOOKMARK [2][-]{subsection.7.3.2}{\376\377\0007\000.\0003\000.\0002\000\040\000R\000e\000s\000u\000l\000t\000a\000d\000o\000s\000\040\000d\000e\000\040\000l\000a\000s\000\040\000P\000r\000u\000e\000b\000a\000s}{section.7.3}% 175
\BOOKMARK [2][-]{subsection.7.3.3}{\376\377\0007\000.\0003\000.\0003\000\040\000A\000n\000\341\000l\000i\000s\000i\000s\000\040\000d\000e\000\040\000R\000e\000s\000u\000l\000t\000a\000d\000o\000s}{section.7.3}% 176
\BOOKMARK [2][-]{subsection.7.3.4}{\376\377\0007\000.\0003\000.\0004\000\040\000C\000o\000n\000c\000l\000u\000s\000i\000o\000n\000e\000s}{section.7.3}% 177
\BOOKMARK [1][-]{section.7.4}{\376\377\0007\000.\0004\000\040\000P\000r\000u\000e\000b\000a\000s\000\040\000d\000e\000\040\000R\000e\000n\000d\000i\000m\000i\000e\000n\000t\000o\000\040\000d\000e\000l\000\040\000F\000r\000o\000n\000t\000e\000n\000d}{chapter.7}% 178
\BOOKMARK [1][-]{section.7.5}{\376\377\0007\000.\0005\000\040\000P\000r\000u\000e\000b\000a\000s\000\040\000d\000e\000\040\000R\000e\000n\000d\000i\000m\000i\000e\000n\000t\000o\000\040\000d\000e\000\040\000l\000a\000\040\000R\000e\000a\000l\000i\000d\000a\000d\000\040\000A\000u\000m\000e\000n\000t\000a\000d\000a}{chapter.7}% 179
\BOOKMARK [0][-]{chapter.8}{\376\377\0008\000\040\000C\000o\000n\000c\000l\000u\000s\000i\000o\000n\000e\000s}{}% 180
\BOOKMARK [1][-]{section.8.1}{\376\377\0008\000.\0001\000\040\000R\000e\000v\000i\000s\000i\000\363\000n\000\040\000d\000e\000\040\000c\000o\000s\000t\000e\000s}{chapter.8}% 181
\BOOKMARK [2][-]{subsection.8.1.1}{\376\377\0008\000.\0001\000.\0001\000\040\000C\000o\000m\000p\000a\000r\000a\000t\000i\000v\000a\000\040\000g\000r\000\341\000f\000i\000c\000a}{section.8.1}% 182
\BOOKMARK [2][-]{subsection.8.1.2}{\376\377\0008\000.\0001\000.\0002\000\040\000R\000e\000f\000l\000e\000x\000i\000\363\000n\000\040\000f\000i\000n\000a\000l}{section.8.1}% 183
\BOOKMARK [1][-]{section.8.2}{\376\377\0008\000.\0002\000\040\000C\000o\000n\000c\000l\000u\000s\000i\000o\000n\000e\000s}{chapter.8}% 184
\BOOKMARK [2][-]{subsection.8.2.1}{\376\377\0008\000.\0002\000.\0001\000\040\000C\000o\000n\000c\000l\000u\000s\000i\000o\000n\000e\000s\000\040\000t\000\351\000c\000n\000i\000c\000a\000s}{section.8.2}% 185
\BOOKMARK [2][-]{subsection.8.2.2}{\376\377\0008\000.\0002\000.\0002\000\040\000C\000o\000n\000c\000l\000u\000s\000i\000o\000n\000e\000s\000\040\000p\000e\000r\000s\000o\000n\000a\000l\000e\000s}{section.8.2}% 186
\BOOKMARK [1][-]{section.8.3}{\376\377\0008\000.\0003\000\040\000T\000r\000a\000b\000a\000j\000o\000\040\000f\000u\000t\000u\000r\000o}{chapter.8}% 187
\BOOKMARK [0][-]{appendix.Alph1}{\376\377\000A\000\040\000A\000p\000\351\000n\000d\000i\000c\000e}{}% 188
\BOOKMARK [1][-]{section.Alph1.1}{\376\377\000A\000.\0001\000\040\000E\000j\000e\000m\000p\000l\000o\000s\000\040\000d\000e\000l\000\040\000l\000e\000n\000g\000u\000a\000j\000e\000\040\000d\000e\000\040\000m\000a\000r\000c\000a\000d\000o\000\040\000L\000a\000t\000e\000x}{appendix.Alph1}% 189
\BOOKMARK [0][-]{lstnumber.-3.4}{\376\377\000B\000i\000b\000l\000i\000o\000g\000r\000a\000f\000\355\000a}{}% 190
